05-08 10:39:05.194 13212 13212 V BoostFramework: BoostFramework() : mPerf = com.qualcomm.qti.Performance@f314bfc
05-08 10:39:05.194 13212 13212 V BoostFramework: BoostFramework() : mPerf = com.qualcomm.qti.Performance@e0c5285
05-08 10:39:05.284 13212 13212 D AttendActivity: {"result":[{"SSID":"부착단말기","구분":"3","패스워드":"PASS","MSC":"10.16.10.228"},{"SSID":"e102-2.4G","구분":"1","MSC":"001c850f0794"},{"SSID":"f7a3e806-f5bb-43f8-ba87-0783669ebeb1","구분":"2","MSC":"54^1"}],"camp":"1","psco":"10000028","data":{"idx":null,"yyse":"2019090","camp":"1","psco":"10000028","sjco":"CSE25101","sjnm":"시스템 프로그래밍","prco":"10357,10357","prnm":"Hyungon Moon,Hyungon Moon","pont":"        3.00000","hour":"103000","date":"10:30~11:45","cnt":"0","time":null,"rmco":"50002288","rmnm":"104-E102","path":null,"type":"0","key":null,"keyTime":null,"authKey":"4DED65E2E52ACD6F52ABAAECAB209155"},"state":"T","ssid":[{"SSID":"부착단말기","구분":"3","패스워드":"PASS","MSC":"10.16.10.228"},{"SSID":"e102-2.4G","구분":"1","MSC":"001c850f0794"},{"SSID":"f7a3e806-f5bb-43f8-ba87-0783669ebeb1","구분":"2","MSC":"54^1"}],"atrs":"50002288","date":"20190508103905","msg":"Y :  정상 완료","idno":"20172006","yyse":"2019090","sjco":"CSE25101"}
05-08 10:39:05.285 13212 13212 I 11111 data  : : {"idx":null,"yyse":"2019090","camp":"1","psco":"10000028","sjco":"CSE25101","sjnm":"시스템 프로그래밍","prco":"10357,10357","prnm":"Hyungon Moon,Hyungon Moon","pont":"        3.00000","hour":"103000","date":"10:30~11:45","cnt":"0","time":null,"rmco":"50002288","rmnm":"104-E102","path":null,"type":"0","key":null,"keyTime":null,"authKey":"4DED65E2E52ACD6F52ABAAECAB209155"}
05-08 10:39:05.285 13212 13212 I 22222 authkey  : : 80921������������������
05-08 10:39:05.285 13212 13212 I 33333 firstEncode  : : 80921UNIST
05-08 10:39:05.286 13212 13212 I 44444 secondEncode  : : 1D5F8310165428B9CE15A38F14920579
05-08 10:39:05.293 13212 13212 I BeaconService: start monitoring received
05-08 10:39:05.315 13212 13212 D Callback: attempting callback via intent: ComponentInfo{kr.ac.unist.atdc/org.altbeacon.beacon.BeaconIntentProcessor}
05-08 10:39:05.320 13212 13212 W BeaconService: Bluetooth is disabled.  Cannot scan for beacons.
05-08 10:39:05.320 13212 13212 W BeaconService: Bluetooth is disabled.  Cannot scan for beacons.
05-08 10:39:05.356 13212 13870 D AttendActivity: 0개 didRangeBeaconsInRegion
05-08 10:39:06.321 13212 13212 D Callback: attempting callback via intent: ComponentInfo{kr.ac.unist.atdc/org.altbeacon.beacon.BeaconIntentProcessor}
05-08 10:39:06.327 13212 13212 W BeaconService: Bluetooth is disabled.  Cannot scan for beacons.
05-08 10:39:06.327 13212 13212 W BeaconService: Bluetooth is disabled.  Cannot scan for beacons.
05-08 10:39:06.330 13212 13871 D AttendActivity: 0개 didRangeBeaconsInRegion
05-08 10:39:07.328 13212 13212 D Callback: attempting callback via intent: ComponentInfo{kr.ac.unist.atdc/org.altbeacon.beacon.BeaconIntentProcessor}
05-08 10:39:07.333 13212 13212 W BeaconService: Bluetooth is disabled.  Cannot scan for beacons.
05-08 10:39:07.333 13212 13212 W BeaconService: Bluetooth is disabled.  Cannot scan for beacons.
05-08 10:39:07.338 13212 13872 D AttendActivity: 0개 didRangeBeaconsInRegion
05-08 10:39:08.334 13212 13212 D Callback: attempting callback via intent: ComponentInfo{kr.ac.unist.atdc/org.altbeacon.beacon.BeaconIntentProcessor}
05-08 10:39:08.339 13212 13212 W BeaconService: Bluetooth is disabled.  Cannot scan for beacons.
05-08 10:39:08.339 13212 13212 W BeaconService: Bluetooth is disabled.  Cannot scan for beacons.
05-08 10:39:08.344 13212 13873 D AttendActivity: 0개 didRangeBeaconsInRegion
05-08 10:39:09.340 13212 13212 D Callback: attempting callback via intent: ComponentInfo{kr.ac.unist.atdc/org.altbeacon.beacon.BeaconIntentProcessor}
05-08 10:39:09.345 13212 13212 W BeaconService: Bluetooth is disabled.  Cannot scan for beacons.
05-08 10:39:09.345 13212 13212 W BeaconService: Bluetooth is disabled.  Cannot scan for beacons.
05-08 10:39:09.353 13212 13874 D AttendActivity: 0개 didRangeBeaconsInRegion
05-08 10:39:09.415 13212 13212 D AttendActivity: MAC_CHECK_RUN = 0
05-08 10:39:09.415 13212 13212 D AttendActivity: goplusBeacons = 0
05-08 10:39:10.346 13212 13212 D Callback: attempting callback via intent: ComponentInfo{kr.ac.unist.atdc/org.altbeacon.beacon.BeaconIntentProcessor}
05-08 10:39:10.350 13212 13212 W BeaconService: Bluetooth is disabled.  Cannot scan for beacons.
05-08 10:39:10.350 13212 13212 W BeaconService: Bluetooth is disabled.  Cannot scan for beacons.
05-08 10:39:10.356 13212 13881 D AttendActivity: 0개 didRangeBeaconsInRegion
05-08 10:39:11.351 13212 13212 D Callback: attempting callback via intent: ComponentInfo{kr.ac.unist.atdc/org.altbeacon.beacon.BeaconIntentProcessor}
05-08 10:39:11.359 13212 13212 W BeaconService: Bluetooth is disabled.  Cannot scan for beacons.
05-08 10:39:11.359 13212 13212 W BeaconService: Bluetooth is disabled.  Cannot scan for beacons.
05-08 10:39:11.362 13212 13882 D AttendActivity: 0개 didRangeBeaconsInRegion
05-08 10:39:11.417 13212 13212 D AttendActivity: MAC_CHECK_RUN = 1
05-08 10:39:11.417 13212 13212 D AttendActivity: goplusBeacons = 0
05-08 10:39:12.360 13212 13212 D Callback: attempting callback via intent: ComponentInfo{kr.ac.unist.atdc/org.altbeacon.beacon.BeaconIntentProcessor}
05-08 10:39:12.364 13212 13212 W BeaconService: Bluetooth is disabled.  Cannot scan for beacons.
05-08 10:39:12.365 13212 13212 W BeaconService: Bluetooth is disabled.  Cannot scan for beacons.
05-08 10:39:12.370 13212 13883 D AttendActivity: 0개 didRangeBeaconsInRegion
05-08 10:39:13.366 13212 13212 D Callback: attempting callback via intent: ComponentInfo{kr.ac.unist.atdc/org.altbeacon.beacon.BeaconIntentProcessor}
05-08 10:39:13.374 13212 13212 W BeaconService: Bluetooth is disabled.  Cannot scan for beacons.
05-08 10:39:13.374 13212 13212 W BeaconService: Bluetooth is disabled.  Cannot scan for beacons.
05-08 10:39:13.381 13212 13884 D AttendActivity: 0개 didRangeBeaconsInRegion
05-08 10:39:13.418 13212 13212 D AttendActivity: MAC_CHECK_RUN = 2
05-08 10:39:13.418 13212 13212 D AttendActivity: goplusBeacons = 0
05-08 10:39:14.374 13212 13212 D Callback: attempting callback via intent: ComponentInfo{kr.ac.unist.atdc/org.altbeacon.beacon.BeaconIntentProcessor}
05-08 10:39:14.380 13212 13212 W BeaconService: Bluetooth is disabled.  Cannot scan for beacons.
05-08 10:39:14.380 13212 13212 W BeaconService: Bluetooth is disabled.  Cannot scan for beacons.
05-08 10:39:14.384 13212 13885 D AttendActivity: 0개 didRangeBeaconsInRegion
05-08 10:39:15.381 13212 13212 D Callback: attempting callback via intent: ComponentInfo{kr.ac.unist.atdc/org.altbeacon.beacon.BeaconIntentProcessor}
05-08 10:39:15.385 13212 13212 W BeaconService: Bluetooth is disabled.  Cannot scan for beacons.
05-08 10:39:15.386 13212 13212 W BeaconService: Bluetooth is disabled.  Cannot scan for beacons.
05-08 10:39:15.390 13212 13887 D AttendActivity: 0개 didRangeBeaconsInRegion
05-08 10:39:15.419 13212 13212 D AttendActivity: MAC_CHECK_RUN = 3
05-08 10:39:15.419 13212 13212 D AttendActivity: goplusBeacons = 0
05-08 10:39:15.436 13212 13888 I SSID :  : keduroam
05-08 10:39:15.436 13212 13888 I BSSID : : 38:20:56:7f:05:c2
05-08 10:39:15.436 13212 13888 I SSID :  : WUNIST_AAA
05-08 10:39:15.436 13212 13888 I BSSID : : 38:20:56:7f:05:c0
05-08 10:39:15.436 13212 13888 I SSID :  : WUNIST_GUEST
05-08 10:39:15.437 13212 13888 I BSSID : : 38:20:56:7f:05:c3
05-08 10:39:15.437 13212 13888 I SSID :  : WUNIST_GUEST
05-08 10:39:15.437 13212 13888 I BSSID : : 38:20:56:81:08:03
05-08 10:39:15.437 13212 13888 I SSID :  : keduroam
05-08 10:39:15.437 13212 13888 I BSSID : : 38:20:56:81:04:02
05-08 10:39:15.437 13212 13888 I SSID :  : keduroam
05-08 10:39:15.437 13212 13888 I BSSID : : 38:20:56:85:ac:c2
05-08 10:39:15.437 13212 13888 I SSID :  : WUNIST_GUEST
05-08 10:39:15.437 13212 13888 I BSSID : : 38:20:56:81:04:03
05-08 10:39:15.437 13212 13888 I SSID :  : WUNIST_GUEST
05-08 10:39:15.437 13212 13888 I BSSID : : 38:20:56:85:ac:c3
05-08 10:39:15.437 13212 13888 I SSID :  : WUNIST_AAA
05-08 10:39:15.437 13212 13888 I BSSID : : 38:20:56:81:04:00
05-08 10:39:15.437 13212 13888 I SSID :  : WUNIST_AAA
05-08 10:39:15.437 13212 13888 I BSSID : : 38:20:56:7e:d9:e0
05-08 10:39:15.437 13212 13888 I SSID :  : keduroam
05-08 10:39:15.437 13212 13888 I BSSID : : 38:20:56:7e:d9:e2
05-08 10:39:15.437 13212 13888 I SSID :  : WUNIST_AAA
05-08 10:39:15.437 13212 13888 I BSSID : : 38:20:56:81:08:00
05-08 10:39:15.437 13212 13888 I SSID :  : keduroam
05-08 10:39:15.437 13212 13888 I BSSID : : 38:20:56:81:08:02
05-08 10:39:15.437 13212 13888 I SSID :  : WUNIST_GUEST
05-08 10:39:15.437 13212 13888 I BSSID : : 38:20:56:7e:d9:e3
05-08 10:39:15.438 13212 13888 I SSID :  : WUNIST_GUEST
05-08 10:39:15.438 13212 13888 I BSSID : : 38:20:56:86:a9:e3
05-08 10:39:15.438 13212 13888 I SSID :  : e102-2.4G
05-08 10:39:15.438 13212 13888 I BSSID : : 00:1c:85:0f:07:94
05-08 10:39:15.451 13212 13212 E AttendActivity: https://attend.unist.ac.kr/atdc/atdc_chk?{idno=20172006, check=1, mac=001c850f0794, uuid=00000000-74ce-f7ea-ffff-ffffac6999fa, date=20190508103915, psco=10000028, sjco=CSE25101, auth=1D5F8310165428B9CE15A38F14920579}
05-08 10:39:15.490 13212 13212 E sucdata : {"message":" Attendance","result":[{":B1":"O"}],"check":"1","psco":"10000028","state":"Y","mac":"001c850f0794","uuid":"00000000-74ce-f7ea-ffff-ffffac6999fa","date":"20190508103915","msg":"Y : Attendance","idno":"20172006","auth":"80921","sjco":"CSE25101"}
05-08 10:39:16.396 13212 13212 D Callback: attempting callback via intent: ComponentInfo{kr.ac.unist.atdc/org.altbeacon.beacon.BeaconIntentProcessor}
05-08 10:39:16.401 13212 13212 W BeaconService: Bluetooth is disabled.  Cannot scan for beacons.
05-08 10:39:16.401 13212 13212 W BeaconService: Bluetooth is disabled.  Cannot scan for beacons.
05-08 10:39:16.417 13212 13892 D AttendActivity: 0개 didRangeBeaconsInRegion
05-08 10:39:17.415 13212 13212 D Callback: attempting callback via intent: ComponentInfo{kr.ac.unist.atdc/org.altbeacon.beacon.BeaconIntentProcessor}
05-08 10:39:17.420 13212 13212 W BeaconService: Bluetooth is disabled.  Cannot scan for beacons.
05-08 10:39:17.421 13212 13212 W BeaconService: Bluetooth is disabled.  Cannot scan for beacons.
05-08 10:39:17.437 13212 13894 D AttendActivity: 0개 didRangeBeaconsInRegion
05-08 10:39:18.435 13212 13212 D Callback: attempting callback via intent: ComponentInfo{kr.ac.unist.atdc/org.altbeacon.beacon.BeaconIntentProcessor}
05-08 10:39:18.441 13212 13212 W BeaconService: Bluetooth is disabled.  Cannot scan for beacons.
05-08 10:39:18.441 13212 13212 W BeaconService: Bluetooth is disabled.  Cannot scan for beacons.
05-08 10:39:18.455 13212 13895 D AttendActivity: 0개 didRangeBeaconsInRegion
05-08 10:39:19.442 13212 13212 D Callback: attempting callback via intent: ComponentInfo{kr.ac.unist.atdc/org.altbeacon.beacon.BeaconIntentProcessor}
05-08 10:39:19.446 13212 13212 W BeaconService: Bluetooth is disabled.  Cannot scan for beacons.
05-08 10:39:19.446 13212 13212 W BeaconService: Bluetooth is disabled.  Cannot scan for beacons.
05-08 10:39:19.450 13212 13902 D AttendActivity: 0개 didRangeBeaconsInRegion
05-08 10:39:19.808 13212 13212 D BeaconManager: Unbinding
05-08 10:39:19.821 13212 13212 I BeaconService: stop monitoring received
05-08 10:39:19.821 13212 13212 I BeaconService: Adjusted scanStopTime to be Wed May 08 10:39:04 GMT+09:00 2019
05-08 10:39:20.447 13212 13212 D Callback: attempting callback via intent: ComponentInfo{kr.ac.unist.atdc/org.altbeacon.beacon.BeaconIntentProcessor}
05-08 10:39:20.451 13212 13212 W BeaconService: Bluetooth is disabled.  Cannot scan for beacons.
05-08 10:39:24.975 13212 13212 W ContentCatcher: Failed to notify a WebView